{
  "version": "1.5.0",
  "plugins_used": [
    {
      "name": "ArtifactoryDetector"
    },
    {
      "name": "AWSKeyDetector"
    },
    {
      "name": "AzureStorageKeyDetector"
    },
    {
      "name": "Base64HighEntropyString",
      "limit": 4.5
    },
    {
      "name": "BasicAuthDetector"
    },
    {
      "name": "CloudantDetector"
    },
    {
      "name": "DiscordBotTokenDetector"
    },
    {
      "name": "GitHubTokenDetector"
    },
    {
      "name": "GitLabTokenDetector"
    },
    {
      "name": "HexHighEntropyString",
      "limit": 3.0
    },
    {
      "name": "IbmCloudIamDetector"
    },
    {
      "name": "IbmCosHmacDetector"
    },
    {
      "name": "IPPublicDetector"
    },
    {
      "name": "JwtTokenDetector"
    },
    {
      "name": "KeywordDetector",
      "keyword_exclude": ""
    },
    {
      "name": "MailchimpDetector"
    },
    {
      "name": "NpmDetector"
    },
    {
      "name": "OpenAIDetector"
    },
    {
      "name": "PrivateKeyDetector"
    },
    {
      "name": "PypiTokenDetector"
    },
    {
      "name": "SendGridDetector"
    },
    {
      "name": "SlackDetector"
    },
    {
      "name": "SoftlayerDetector"
    },
    {
      "name": "SquareOAuthDetector"
    },
    {
      "name": "StripeDetector"
    },
    {
      "name": "TelegramBotTokenDetector"
    },
    {
      "name": "TwilioKeyDetector"
    }
  ],
  "filters_used": [
    {
      "path": "detect_secrets.filters.allowlist.is_line_allowlisted"
    },
    {
      "path": "detect_secrets.filters.common.is_baseline_file",
      "filename": ".secrets.baseline"
    },
    {
      "path": "detect_secrets.filters.common.is_ignored_due_to_verification_policies",
      "min_level": 2
    },
    {
      "path": "detect_secrets.filters.heuristic.is_indirect_reference"
    },
    {
      "path": "detect_secrets.filters.heuristic.is_likely_id_string"
    },
    {
      "path": "detect_secrets.filters.heuristic.is_lock_file"
    },
    {
      "path": "detect_secrets.filters.heuristic.is_not_alphanumeric_string"
    },
    {
      "path": "detect_secrets.filters.heuristic.is_potential_uuid"
    },
    {
      "path": "detect_secrets.filters.heuristic.is_prefixed_with_dollar_sign"
    },
    {
      "path": "detect_secrets.filters.heuristic.is_sequential_string"
    },
    {
      "path": "detect_secrets.filters.heuristic.is_swagger_file"
    },
    {
      "path": "detect_secrets.filters.heuristic.is_templated_secret"
    }
  ],
  "results": {
    "src/frontend/src/constants/constants.ts": [
      {
        "type": "Secret Keyword",
        "filename": "src/frontend/src/constants/constants.ts",
        "hashed_secret": "5e94651890a694c392190d159d948a877a70f863",
        "is_verified": false,
        "line_number": 763
      },
      {
        "type": "Secret Keyword",
        "filename": "src/frontend/src/constants/constants.ts",
        "hashed_secret": "3806954324550e26ef5de85d007f1746825a073c",
        "is_verified": false,
        "line_number": 764
      },
      {
        "type": "Secret Keyword",
        "filename": "src/frontend/src/constants/constants.ts",
        "hashed_secret": "c04f8fbf55c9096907a982750b1c6b0e4c1dd658",
        "is_verified": false,
        "line_number": 936
      }
    ],
    "src/frontend/src/locales/de.json": [
      {
        "type": "Secret Keyword",
        "filename": "src/frontend/src/locales/de.json",
        "hashed_secret": "696e6809b4c7a037e3bfeea796bfbf1e89ce5fbd",
        "is_verified": false,
        "line_number": 34
      },
      {
        "type": "Secret Keyword",
        "filename": "src/frontend/src/locales/de.json",
        "hashed_secret": "071241279b1ee9edc0e265315fba2833f3c6e1d9",
        "is_verified": false,
        "line_number": 41
      },
      {
        "type": "Secret Keyword",
        "filename": "src/frontend/src/locales/de.json",
        "hashed_secret": "4d67e279837e369ee293a323066ef4a05f30ef40",
        "is_verified": false,
        "line_number": 43
      },
      {
        "type": "Secret Keyword",
        "filename": "src/frontend/src/locales/de.json",
        "hashed_secret": "97f7ca718a0013593c7a0a914474182107af35d0",
        "is_verified": false,
        "line_number": 47
      },
      {
        "type": "Secret Keyword",
        "filename": "src/frontend/src/locales/de.json",
        "hashed_secret": "40a6165fa766809c4d5cc31c9d69bf592b2e930e",
        "is_verified": false,
        "line_number": 48
      },
      {
        "type": "Secret Keyword",
        "filename": "src/frontend/src/locales/de.json",
        "hashed_secret": "029a9cd4161ece9fcf5eda09f07874d228daa9e6",
        "is_verified": false,
        "line_number": 50
      },
      {
        "type": "Secret Keyword",
        "filename": "src/frontend/src/locales/de.json",
        "hashed_secret": "e71719056a00aeb51887b49912f107d7075e3953",
        "is_verified": false,
        "line_number": 51
      },
      {
        "type": "Secret Keyword",
        "filename": "src/frontend/src/locales/de.json",
        "hashed_secret": "33401d90fa17dd65aeb2468f398353281be85596",
        "is_verified": false,
        "line_number": 89
      },
      {
        "type": "Secret Keyword",
        "filename": "src/frontend/src/locales/de.json",
        "hashed_secret": "e686334c3bec530179fc0d6f81b75005b8a3541f",
        "is_verified": false,
        "line_number": 90
      },
      {
        "type": "Secret Keyword",
        "filename": "src/frontend/src/locales/de.json",
        "hashed_secret": "7a49cc23046d5b3c4996b79452a6f11e38ef6afb",
        "is_verified": false,
        "line_number": 104
      },
      {
        "type": "Secret Keyword",
        "filename": "src/frontend/src/locales/de.json",
        "hashed_secret": "ba40e99ba79f118948c29cedd2e3b6dc32ab2f71",
        "is_verified": false,
        "line_number": 109
      },
      {
        "type": "Secret Keyword",
        "filename": "src/frontend/src/locales/de.json",
        "hashed_secret": "a6b7fa3036809eeab8bb104d9c93e8acff5ea081",
        "is_verified": false,
        "line_number": 110
      },
      {
        "type": "Secret Keyword",
        "filename": "src/frontend/src/locales/de.json",
        "hashed_secret": "02eed8625057933776c899e6e60175a552231af3",
        "is_verified": false,
        "line_number": 113
      },
      {
        "type": "Secret Keyword",
        "filename": "src/frontend/src/locales/de.json",
        "hashed_secret": "7af90a388f3f51da50bd0ccfc074ac83a5e77abf",
        "is_verified": false,
        "line_number": 194
      },
      {
        "type": "Secret Keyword",
        "filename": "src/frontend/src/locales/de.json",
        "hashed_secret": "c2c33fe00224b0ba2198bda2c8bedca8fa87bb94",
        "is_verified": false,
        "line_number": 245
      },
      {
        "type": "Secret Keyword",
        "filename": "src/frontend/src/locales/de.json",
        "hashed_secret": "de70a102ac9fe37a0714c25453e50afb4f078359",
        "is_verified": false,
        "line_number": 247
      },
      {
        "type": "Secret Keyword",
        "filename": "src/frontend/src/locales/de.json",
        "hashed_secret": "2a24f50d36559883d2bc391e4e99f9a7afd56ef9",
        "is_verified": false,
        "line_number": 266
      },
      {
        "type": "Secret Keyword",
        "filename": "src/frontend/src/locales/de.json",
        "hashed_secret": "a24f75c63a48219c05df0f39831e66aa1faa6189",
        "is_verified": false,
        "line_number": 343
      },
      {
        "type": "Secret Keyword",
        "filename": "src/frontend/src/locales/de.json",
        "hashed_secret": "fa4b98297401af5e6ab7a402330a12715e891325",
        "is_verified": false,
        "line_number": 345
      },
      {
        "type": "Secret Keyword",
        "filename": "src/frontend/src/locales/de.json",
        "hashed_secret": "af78afb3fb20fd7f2d0f7e8fef8bdf9348a7b0e9",
        "is_verified": false,
        "line_number": 356
      },
      {
        "type": "Secret Keyword",
        "filename": "src/frontend/src/locales/de.json",
        "hashed_secret": "91cde4236a3754b4b57733682edfc50571d954c6",
        "is_verified": false,
        "line_number": 357
      },
      {
        "type": "Secret Keyword",
        "filename": "src/frontend/src/locales/de.json",
        "hashed_secret": "9625c6b66710b648d27ee284940849a6b5abf3f0",
        "is_verified": false,
        "line_number": 358
      },
      {
        "type": "Secret Keyword",
        "filename": "src/frontend/src/locales/de.json",
        "hashed_secret": "cc57a2140542893b4c9396b6a7186b26351c6fe5",
        "is_verified": false,
        "line_number": 372
      }
    ],
    "src/frontend/src/locales/es.json": [
      {
        "type": "Secret Keyword",
        "filename": "src/frontend/src/locales/es.json",
        "hashed_secret": "fce2533c38ef22f06740a61818d9f399856b45ad",
        "is_verified": false,
        "line_number": 41
      },
      {
        "type": "Secret Keyword",
        "filename": "src/frontend/src/locales/es.json",
        "hashed_secret": "6776e8e8ad87a11f849d602165885c18b7ffd9c2",
        "is_verified": false,
        "line_number": 47
      },
      {
        "type": "Secret Keyword",
        "filename": "src/frontend/src/locales/es.json",
        "hashed_secret": "5a6d1c612954979ea99ee33dbb2d231b00f6ac0a",
        "is_verified": false,
        "line_number": 48
      },
      {
        "type": "Secret Keyword",
        "filename": "src/frontend/src/locales/es.json",
        "hashed_secret": "e0bb5d3509b1c0a528192ba194fd358e7cf68aa1",
        "is_verified": false,
        "line_number": 50
      },
      {
        "type": "Secret Keyword",
        "filename": "src/frontend/src/locales/es.json",
        "hashed_secret": "641e0eab068bccd95b4b55a4c361e4115c418a5f",
        "is_verified": false,
        "line_number": 51
      },
      {
        "type": "Secret Keyword",
        "filename": "src/frontend/src/locales/es.json",
        "hashed_secret": "192b20f92ccd805d527886bed6301b7b371fe348",
        "is_verified": false,
        "line_number": 89
      },
      {
        "type": "Secret Keyword",
        "filename": "src/frontend/src/locales/es.json",
        "hashed_secret": "765294f5f2dd1748dbd78e9b59afc3a1787697a2",
        "is_verified": false,
        "line_number": 90
      },
      {
        "type": "Secret Keyword",
        "filename": "src/frontend/src/locales/es.json",
        "hashed_secret": "2f075b4f2e78a658a14e5f2754a1995d5d61e8c2",
        "is_verified": false,
        "line_number": 104
      },
      {
        "type": "Secret Keyword",
        "filename": "src/frontend/src/locales/es.json",
        "hashed_secret": "1823ab340ce6b62e09b847745752d3347b82647c",
        "is_verified": false,
        "line_number": 109
      },
      {
        "type": "Secret Keyword",
        "filename": "src/frontend/src/locales/es.json",
        "hashed_secret": "d4c5cdf17c6b6a46dd939ad3f9304e726e60384f",
        "is_verified": false,
        "line_number": 110
      },
      {
        "type": "Secret Keyword",
        "filename": "src/frontend/src/locales/es.json",
        "hashed_secret": "8014424f8694a36a30603e437661446e2eb8c299",
        "is_verified": false,
        "line_number": 113
      },
      {
        "type": "Secret Keyword",
        "filename": "src/frontend/src/locales/es.json",
        "hashed_secret": "0f89cb19175c596fc2ae829f5c09d4d04512cc0d",
        "is_verified": false,
        "line_number": 194
      },
      {
        "type": "Secret Keyword",
        "filename": "src/frontend/src/locales/es.json",
        "hashed_secret": "e6e9e3a11e71c5096fc3a10f7696f39a7b03b0c8",
        "is_verified": false,
        "line_number": 245
      },
      {
        "type": "Secret Keyword",
        "filename": "src/frontend/src/locales/es.json",
        "hashed_secret": "1cf31e02bf7c19d36f7fd85ca673beb6ab075457",
        "is_verified": false,
        "line_number": 247
      },
      {
        "type": "Secret Keyword",
        "filename": "src/frontend/src/locales/es.json",
        "hashed_secret": "5c324bbf8f0a15d640a2ca93b4bb0183d106edd8",
        "is_verified": false,
        "line_number": 266
      },
      {
        "type": "Secret Keyword",
        "filename": "src/frontend/src/locales/es.json",
        "hashed_secret": "fc4cb17d803c31094c9d646d708e73a8f618f1f3",
        "is_verified": false,
        "line_number": 343
      },
      {
        "type": "Secret Keyword",
        "filename": "src/frontend/src/locales/es.json",
        "hashed_secret": "d5b0d63ab92b6fb5f1cbdda35de585ef1b931fda",
        "is_verified": false,
        "line_number": 356
      },
      {
        "type": "Secret Keyword",
        "filename": "src/frontend/src/locales/es.json",
        "hashed_secret": "15e4f8d5f1d2759b1e83f9082a8ce8e194eb5600",
        "is_verified": false,
        "line_number": 357
      },
      {
        "type": "Secret Keyword",
        "filename": "src/frontend/src/locales/es.json",
        "hashed_secret": "c8700cb4716f270e7c37191104366e7b1cadc9de",
        "is_verified": false,
        "line_number": 358
      },
      {
        "type": "Secret Keyword",
        "filename": "src/frontend/src/locales/es.json",
        "hashed_secret": "0147f29ee8d8343d8d70f94b71b0053b268461e3",
        "is_verified": false,
        "line_number": 372
      }
    ],
    "src/frontend/src/locales/fr.json": [
      {
        "type": "Secret Keyword",
        "filename": "src/frontend/src/locales/fr.json",
        "hashed_secret": "8972f0dab3b53b35a68dd4bb860647825d2fd366",
        "is_verified": false,
        "line_number": 34
      },
      {
        "type": "Secret Keyword",
        "filename": "src/frontend/src/locales/fr.json",
        "hashed_secret": "f4cde692d8841bc82500a858c0b039b87d5aac25",
        "is_verified": false,
        "line_number": 41
      },
      {
        "type": "Secret Keyword",
        "filename": "src/frontend/src/locales/fr.json",
        "hashed_secret": "75a674a3626e87c539a2518afb33931a57598116",
        "is_verified": false,
        "line_number": 43
      },
      {
        "type": "Secret Keyword",
        "filename": "src/frontend/src/locales/fr.json",
        "hashed_secret": "394f48d2520c7e41c4e4913d77d03a84fb6cc356",
        "is_verified": false,
        "line_number": 47
      },
      {
        "type": "Secret Keyword",
        "filename": "src/frontend/src/locales/fr.json",
        "hashed_secret": "94e2f3ee14b92e2e675a8f6118d28738dbf5c6ba",
        "is_verified": false,
        "line_number": 48
      },
      {
        "type": "Secret Keyword",
        "filename": "src/frontend/src/locales/fr.json",
        "hashed_secret": "bd03c54cd14fd738c7cea7add3ae43058b612392",
        "is_verified": false,
        "line_number": 50
      },
      {
        "type": "Secret Keyword",
        "filename": "src/frontend/src/locales/fr.json",
        "hashed_secret": "6a4a9f5fd35aba4316eae8fecd22b6520130d3bb",
        "is_verified": false,
        "line_number": 51
      },
      {
        "type": "Secret Keyword",
        "filename": "src/frontend/src/locales/fr.json",
        "hashed_secret": "cb3228774ef442aa34e93da66e3c2ebbac09a3b6",
        "is_verified": false,
        "line_number": 89
      },
      {
        "type": "Secret Keyword",
        "filename": "src/frontend/src/locales/fr.json",
        "hashed_secret": "d3a999088e8965ab9ce5c092d636171c69665666",
        "is_verified": false,
        "line_number": 90
      },
      {
        "type": "Secret Keyword",
        "filename": "src/frontend/src/locales/fr.json",
        "hashed_secret": "c1a3d196da57a31bc8f209f520d7b1453bf18313",
        "is_verified": false,
        "line_number": 110
      },
      {
        "type": "Secret Keyword",
        "filename": "src/frontend/src/locales/fr.json",
        "hashed_secret": "d3f815b74ab709a72cf9cdce437053fa0dce6287",
        "is_verified": false,
        "line_number": 194
      },
      {
        "type": "Secret Keyword",
        "filename": "src/frontend/src/locales/fr.json",
        "hashed_secret": "a4b4b96af78df1b8b21e4be4fcddc718f7a7ad09",
        "is_verified": false,
        "line_number": 245
      },
      {
        "type": "Secret Keyword",
        "filename": "src/frontend/src/locales/fr.json",
        "hashed_secret": "88362d0d044cf4144e78f646e101110e3f44a9e5",
        "is_verified": false,
        "line_number": 247
      },
      {
        "type": "Secret Keyword",
        "filename": "src/frontend/src/locales/fr.json",
        "hashed_secret": "b1df0ac48f734b370fc58c591ef0772266f88bb4",
        "is_verified": false,
        "line_number": 266
      },
      {
        "type": "Secret Keyword",
        "filename": "src/frontend/src/locales/fr.json",
        "hashed_secret": "023b9a08fa7070ad1225462cc73d09754e64ecf1",
        "is_verified": false,
        "line_number": 356
      }
    ],
    "src/frontend/src/locales/ja.json": [
      {
        "type": "Secret Keyword",
        "filename": "src/frontend/src/locales/ja.json",
        "hashed_secret": "2177120edbf5e594d72fdcb9b8fe2183adfc1782",
        "is_verified": false,
        "line_number": 34
      },
      {
        "type": "Secret Keyword",
        "filename": "src/frontend/src/locales/ja.json",
        "hashed_secret": "ad309c2e61dfa1a5c0dc9896da7fd830af70b8f6",
        "is_verified": false,
        "line_number": 51
      },
      {
        "type": "Secret Keyword",
        "filename": "src/frontend/src/locales/ja.json",
        "hashed_secret": "4479d5f53df4c7c7bf5e956086be99f06a1de389",
        "is_verified": false,
        "line_number": 89
      },
      {
        "type": "Secret Keyword",
        "filename": "src/frontend/src/locales/ja.json",
        "hashed_secret": "cf33599297347a2fd47416987a461b802cb6cb9f",
        "is_verified": false,
        "line_number": 104
      },
      {
        "type": "Secret Keyword",
        "filename": "src/frontend/src/locales/ja.json",
        "hashed_secret": "7390d363952f9c2e9a4ed43168d1092288a214b6",
        "is_verified": false,
        "line_number": 109
      },
      {
        "type": "Secret Keyword",
        "filename": "src/frontend/src/locales/ja.json",
        "hashed_secret": "de6f8e3f2efe3d1041ea12f5151130da05447df8",
        "is_verified": false,
        "line_number": 113
      },
      {
        "type": "Secret Keyword",
        "filename": "src/frontend/src/locales/ja.json",
        "hashed_secret": "3cf78799d5f2ac03456fc62edd2ad65120b64f05",
        "is_verified": false,
        "line_number": 194
      },
      {
        "type": "Secret Keyword",
        "filename": "src/frontend/src/locales/ja.json",
        "hashed_secret": "550b46b90d3fbc0411b236d9902753086ed8bac3",
        "is_verified": false,
        "line_number": 245
      },
      {
        "type": "Secret Keyword",
        "filename": "src/frontend/src/locales/ja.json",
        "hashed_secret": "20cff9da46719805d7fe563353ad67624227b054",
        "is_verified": false,
        "line_number": 343
      },
      {
        "type": "Secret Keyword",
        "filename": "src/frontend/src/locales/ja.json",
        "hashed_secret": "5e8bcadfaab440649c70e43a015503e9109a7bfa",
        "is_verified": false,
        "line_number": 345
      },
      {
        "type": "Secret Keyword",
        "filename": "src/frontend/src/locales/ja.json",
        "hashed_secret": "34b75ff2215011be47875523b9001ba0ca429610",
        "is_verified": false,
        "line_number": 356
      },
      {
        "type": "Secret Keyword",
        "filename": "src/frontend/src/locales/ja.json",
        "hashed_secret": "20e6aa34a3dd984dd602c294ee85714b53a0a872",
        "is_verified": false,
        "line_number": 357
      },
      {
        "type": "Secret Keyword",
        "filename": "src/frontend/src/locales/ja.json",
        "hashed_secret": "b5426a913c9da60eff621ee15e0b195bf6aaa8da",
        "is_verified": false,
        "line_number": 358
      },
      {
        "type": "Secret Keyword",
        "filename": "src/frontend/src/locales/ja.json",
        "hashed_secret": "9e7ba6c71dc246eee615e88e31861a563e33b42d",
        "is_verified": false,
        "line_number": 372
      }
    ],
    "src/frontend/src/locales/pt.json": [
      {
        "type": "Secret Keyword",
        "filename": "src/frontend/src/locales/pt.json",
        "hashed_secret": "88f195fbbbbeb256d8efac5b6b20e24d319725ee",
        "is_verified": false,
        "line_number": 34
      },
      {
        "type": "Secret Keyword",
        "filename": "src/frontend/src/locales/pt.json",
        "hashed_secret": "6d9129298ef5058bb568a75df1daa3171d2f6233",
        "is_verified": false,
        "line_number": 41
      },
      {
        "type": "Secret Keyword",
        "filename": "src/frontend/src/locales/pt.json",
        "hashed_secret": "38a814286845e0bf7c437e2f0238e6aa127916b9",
        "is_verified": false,
        "line_number": 47
      },
      {
        "type": "Secret Keyword",
        "filename": "src/frontend/src/locales/pt.json",
        "hashed_secret": "deba0172511d5701d964202f4e5de698d5e07c67",
        "is_verified": false,
        "line_number": 48
      },
      {
        "type": "Secret Keyword",
        "filename": "src/frontend/src/locales/pt.json",
        "hashed_secret": "f5256124567ff538827b07cd38077b4d2f0ff4cd",
        "is_verified": false,
        "line_number": 50
      },
      {
        "type": "Secret Keyword",
        "filename": "src/frontend/src/locales/pt.json",
        "hashed_secret": "30ec8da443543f88f3717d8198a3ea4c07734e5f",
        "is_verified": false,
        "line_number": 51
      },
      {
        "type": "Secret Keyword",
        "filename": "src/frontend/src/locales/pt.json",
        "hashed_secret": "42f1178697edfac6f6b2532587187fdd33accaf0",
        "is_verified": false,
        "line_number": 89
      },
      {
        "type": "Secret Keyword",
        "filename": "src/frontend/src/locales/pt.json",
        "hashed_secret": "60743e0ecf39ab99f572bb2f4358ce144499395c",
        "is_verified": false,
        "line_number": 90
      },
      {
        "type": "Secret Keyword",
        "filename": "src/frontend/src/locales/pt.json",
        "hashed_secret": "babdb6f7cc03fbbc6d6b4a1fb7a92bde847e6870",
        "is_verified": false,
        "line_number": 104
      },
      {
        "type": "Secret Keyword",
        "filename": "src/frontend/src/locales/pt.json",
        "hashed_secret": "674f21b1464b6be7e99726a3d7fb094e56be6743",
        "is_verified": false,
        "line_number": 109
      },
      {
        "type": "Secret Keyword",
        "filename": "src/frontend/src/locales/pt.json",
        "hashed_secret": "7caaac3befa935700513d4123b881c383af03452",
        "is_verified": false,
        "line_number": 110
      },
      {
        "type": "Secret Keyword",
        "filename": "src/frontend/src/locales/pt.json",
        "hashed_secret": "792615431c8645d5df08db0bf84f5db8014f4a17",
        "is_verified": false,
        "line_number": 113
      },
      {
        "type": "Secret Keyword",
        "filename": "src/frontend/src/locales/pt.json",
        "hashed_secret": "8610717164ef598531238326ede1ac540dd7a74c",
        "is_verified": false,
        "line_number": 194
      },
      {
        "type": "Secret Keyword",
        "filename": "src/frontend/src/locales/pt.json",
        "hashed_secret": "338c8fec7ca2a0a01546ea66c5c6e6b504a56e98",
        "is_verified": false,
        "line_number": 245
      },
      {
        "type": "Secret Keyword",
        "filename": "src/frontend/src/locales/pt.json",
        "hashed_secret": "9c469e53fd34bd270037c7e3309345e0383f7331",
        "is_verified": false,
        "line_number": 247
      },
      {
        "type": "Secret Keyword",
        "filename": "src/frontend/src/locales/pt.json",
        "hashed_secret": "e5de519e1707a85ae531c311d440ee66c9d92013",
        "is_verified": false,
        "line_number": 266
      },
      {
        "type": "Secret Keyword",
        "filename": "src/frontend/src/locales/pt.json",
        "hashed_secret": "8390eaf853b58ba7ac38db1b8a2cc0808e701547",
        "is_verified": false,
        "line_number": 343
      },
      {
        "type": "Secret Keyword",
        "filename": "src/frontend/src/locales/pt.json",
        "hashed_secret": "0f0b397ea447a3fa2ad71bf2275fef3c57c19ced",
        "is_verified": false,
        "line_number": 345
      },
      {
        "type": "Secret Keyword",
        "filename": "src/frontend/src/locales/pt.json",
        "hashed_secret": "63a7c982cb01b3de51e63089cf54d7fa285897c0",
        "is_verified": false,
        "line_number": 356
      },
      {
        "type": "Secret Keyword",
        "filename": "src/frontend/src/locales/pt.json",
        "hashed_secret": "d041f1238574c9fda80f329a69df103dd0362201",
        "is_verified": false,
        "line_number": 357
      },
      {
        "type": "Secret Keyword",
        "filename": "src/frontend/src/locales/pt.json",
        "hashed_secret": "cb9c85cb748ddd0400375630f5ec0206759ddb89",
        "is_verified": false,
        "line_number": 358
      },
      {
        "type": "Secret Keyword",
        "filename": "src/frontend/src/locales/pt.json",
        "hashed_secret": "01817544892d96dedca2ad884fa493fea87ba133",
        "is_verified": false,
        "line_number": 372
      }
    ],
    "src/frontend/src/locales/zh-Hans.json": [
      {
        "type": "Secret Keyword",
        "filename": "src/frontend/src/locales/zh-Hans.json",
        "hashed_secret": "c2c9099cb20503082b8973cbe38e7ba4712379d8",
        "is_verified": false,
        "line_number": 34
      },
      {
        "type": "Secret Keyword",
        "filename": "src/frontend/src/locales/zh-Hans.json",
        "hashed_secret": "7d4449172fe7f8214f3b91655c013aa2de3fc8aa",
        "is_verified": false,
        "line_number": 51
      },
      {
        "type": "Secret Keyword",
        "filename": "src/frontend/src/locales/zh-Hans.json",
        "hashed_secret": "15017ab3ec0dda97b754524421ed4dcff8bc2252",
        "is_verified": false,
        "line_number": 89
      },
      {
        "type": "Secret Keyword",
        "filename": "src/frontend/src/locales/zh-Hans.json",
        "hashed_secret": "fcd2e525f6742add03aafebaab7abadc372d4fc6",
        "is_verified": false,
        "line_number": 104
      },
      {
        "type": "Secret Keyword",
        "filename": "src/frontend/src/locales/zh-Hans.json",
        "hashed_secret": "8410d5a52360d3cf68152e84bd4086d44fb726d3",
        "is_verified": false,
        "line_number": 109
      },
      {
        "type": "Secret Keyword",
        "filename": "src/frontend/src/locales/zh-Hans.json",
        "hashed_secret": "596d019fb62944b96319dc89f44d017cd8fb7152",
        "is_verified": false,
        "line_number": 113
      },
      {
        "type": "Secret Keyword",
        "filename": "src/frontend/src/locales/zh-Hans.json",
        "hashed_secret": "925ec0cb3d802b1c10bd74612833338e38f123e9",
        "is_verified": false,
        "line_number": 194
      },
      {
        "type": "Secret Keyword",
        "filename": "src/frontend/src/locales/zh-Hans.json",
        "hashed_secret": "2fd1bbf8ef47374abb7144d0fcfc3b7ed3a1bdbf",
        "is_verified": false,
        "line_number": 245
      },
      {
        "type": "Secret Keyword",
        "filename": "src/frontend/src/locales/zh-Hans.json",
        "hashed_secret": "5df1d83e18c6e5903e3f4805f0af1415fd050ef7",
        "is_verified": false,
        "line_number": 343
      },
      {
        "type": "Secret Keyword",
        "filename": "src/frontend/src/locales/zh-Hans.json",
        "hashed_secret": "c10e8dbe79654ae8ed496c4c50f5e188b7924a4e",
        "is_verified": false,
        "line_number": 345
      },
      {
        "type": "Secret Keyword",
        "filename": "src/frontend/src/locales/zh-Hans.json",
        "hashed_secret": "57dce29fdb734f3a97c42fc1fa179a78036c5419",
        "is_verified": false,
        "line_number": 356
      },
      {
        "type": "Secret Keyword",
        "filename": "src/frontend/src/locales/zh-Hans.json",
        "hashed_secret": "4aa9a3231780af9a37413cb7034ecdf72d43cfec",
        "is_verified": false,
        "line_number": 357
      },
      {
        "type": "Secret Keyword",
        "filename": "src/frontend/src/locales/zh-Hans.json",
        "hashed_secret": "68af7627d36cc6b923f5928a198165857f1ba5f1",
        "is_verified": false,
        "line_number": 358
      },
      {
        "type": "Secret Keyword",
        "filename": "src/frontend/src/locales/zh-Hans.json",
        "hashed_secret": "7443c6e0ef4c013461140fb1aa2a7a60b40a0b89",
        "is_verified": false,
        "line_number": 372
      }
    ]
  },
  "generated_at": "2026-05-04T12:58:21Z"
}
